{"filename": "pe-Windows-x86-cmd", "sha1": "f2cd2b349341094854c5806f617a746dd50a74eb", "last_update": "2023-05-11 21:46:58", "elapsed": 23.54}
